2025-07-01T16:13:46.503-03:00  WARN 9404 --- [carts] [HikariPool-1 housekeeper] com.zaxxer.hikari.pool.HikariPool        : HikariPool-1 - Thread starvation or clock leap detected (housekeeper delta=3d19h15m8s961ms22µs100ns).
2025-07-01T16:17:30.658-03:00  INFO 9404 --- [carts] [AsyncResolver-bootstrap-executor-%d] c.n.d.s.r.aws.ConfigClusterResolver      : Resolving eureka endpoints via configuration
2025-07-01T16:22:30.677-03:00  INFO 9404 --- [carts] [AsyncResolver-bootstrap-executor-%d] c.n.d.s.r.aws.ConfigClusterResolver      : Resolving eureka endpoints via configuration
2025-07-01T16:27:30.749-03:00  INFO 9404 --- [carts] [AsyncResolver-bootstrap-executor-%d] c.n.d.s.r.aws.ConfigClusterResolver      : Resolving eureka endpoints via configuration
2025-07-01T16:32:30.757-03:00  INFO 9404 --- [carts] [AsyncResolver-bootstrap-executor-%d] c.n.d.s.r.aws.ConfigClusterResolver      : Resolving eureka endpoints via configuration
2025-07-01T16:37:30.771-03:00  INFO 9404 --- [carts] [AsyncResolver-bootstrap-executor-%d] c.n.d.s.r.aws.ConfigClusterResolver      : Resolving eureka endpoints via configuration
2025-07-01T16:42:30.779-03:00  INFO 9404 --- [carts] [AsyncResolver-bootstrap-executor-%d] c.n.d.s.r.aws.ConfigClusterResolver      : Resolving eureka endpoints via configuration
2025-07-01T16:47:30.806-03:00  INFO 9404 --- [carts] [AsyncResolver-bootstrap-executor-%d] c.n.d.s.r.aws.ConfigClusterResolver      : Resolving eureka endpoints via configuration
2025-07-01T16:52:30.834-03:00  INFO 9404 --- [carts] [AsyncResolver-bootstrap-executor-%d] c.n.d.s.r.aws.ConfigClusterResolver      : Resolving eureka endpoints via configuration
2025-07-01T16:57:30.838-03:00  INFO 9404 --- [carts] [AsyncResolver-bootstrap-executor-%d] c.n.d.s.r.aws.ConfigClusterResolver      : Resolving eureka endpoints via configuration
2025-07-01T17:02:30.846-03:00  INFO 9404 --- [carts] [AsyncResolver-bootstrap-executor-%d] c.n.d.s.r.aws.ConfigClusterResolver      : Resolving eureka endpoints via configuration
2025-07-01T17:07:30.858-03:00  INFO 9404 --- [carts] [AsyncResolver-bootstrap-executor-%d] c.n.d.s.r.aws.ConfigClusterResolver      : Resolving eureka endpoints via configuration
2025-07-01T17:12:30.865-03:00  INFO 9404 --- [carts] [AsyncResolver-bootstrap-executor-%d] c.n.d.s.r.aws.ConfigClusterResolver      : Resolving eureka endpoints via configuration
2025-07-01T17:17:30.880-03:00  INFO 9404 --- [carts] [AsyncResolver-bootstrap-executor-%d] c.n.d.s.r.aws.ConfigClusterResolver      : Resolving eureka endpoints via configuration
2025-07-01T17:22:30.896-03:00  INFO 9404 --- [carts] [AsyncResolver-bootstrap-executor-%d] c.n.d.s.r.aws.ConfigClusterResolver      : Resolving eureka endpoints via configuration
2025-07-01T17:27:30.919-03:00  INFO 9404 --- [carts] [AsyncResolver-bootstrap-executor-%d] c.n.d.s.r.aws.ConfigClusterResolver      : Resolving eureka endpoints via configuration
2025-07-01T17:32:30.935-03:00  INFO 9404 --- [carts] [AsyncResolver-bootstrap-executor-%d] c.n.d.s.r.aws.ConfigClusterResolver      : Resolving eureka endpoints via configuration
2025-07-01T17:34:39.815-03:00  INFO 9404 --- [carts] [SpringApplicationShutdownHook] o.s.c.n.e.s.EurekaServiceRegistry        : Unregistering application CARTS with eureka with status DOWN
2025-07-01T17:34:39.817-03:00  INFO 9404 --- [carts] [SpringApplicationShutdownHook] com.netflix.discovery.DiscoveryClient    : Saw local status change event StatusChangeEvent [timestamp=1751402079817, current=DOWN, previous=UP]
2025-07-01T17:34:39.821-03:00  INFO 9404 --- [carts] [DiscoveryClient-InstanceInfoReplicator-%d] com.netflix.discovery.DiscoveryClient    : DiscoveryClient_CARTS/host.docker.internal:carts:8081: registering service...
2025-07-01T17:34:39.865-03:00  INFO 9404 --- [carts] [DiscoveryClient-InstanceInfoReplicator-%d] com.netflix.discovery.DiscoveryClient    : DiscoveryClient_CARTS/host.docker.internal:carts:8081 - registration status: 204
2025-07-01T17:34:40.357-03:00  INFO 9404 --- [carts] [SpringApplicationShutdownHook] j.LocalContainerEntityManagerFactoryBean : Closing JPA EntityManagerFactory for persistence unit 'default'
2025-07-01T17:34:40.568-03:00  INFO 9404 --- [carts] [SpringApplicationShutdownHook] com.zaxxer.hikari.HikariDataSource       : HikariPool-1 - Shutdown initiated...
2025-07-01T17:34:40.637-03:00  INFO 9404 --- [carts] [SpringApplicationShutdownHook] com.zaxxer.hikari.HikariDataSource       : HikariPool-1 - Shutdown completed.
2025-07-01T17:34:40.644-03:00  INFO 9404 --- [carts] [SpringApplicationShutdownHook] com.netflix.discovery.DiscoveryClient    : Shutting down DiscoveryClient ...
2025-07-01T17:34:43.654-03:00  INFO 9404 --- [carts] [SpringApplicationShutdownHook] com.netflix.discovery.DiscoveryClient    : Unregistering ...
2025-07-01T17:34:43.814-03:00  INFO 9404 --- [carts] [SpringApplicationShutdownHook] com.netflix.discovery.DiscoveryClient    : DiscoveryClient_CARTS/host.docker.internal:carts:8081 - deregister  status: 200
2025-07-01T17:34:43.816-03:00  INFO 9404 --- [carts] [SpringApplicationShutdownHook] com.netflix.discovery.DiscoveryClient    : Completed shut down of DiscoveryClient
